// Jest Snapshot v1, https://goo.gl/fbAQLP

exports[`Footer renders correctly 1`] = `
<footer
  className="footer"
>
  <nav>
    <li
      className="list"
    >
      Legal
    </li>
    <li
      className="list"
    >
      About
    </li>
    <li
      className="list"
    >
      Etc.
    </li>
  </nav>
</footer>
`;
