// Jest Snapshot v1, https://goo.gl/fbAQLP

exports[`ImageDetail renders correctly 1`] = `
<div
  className="container"
>
  <div>
    <img
      height="256"
      src="some website"
      width="256"
    />
  </div>
  <div
    className="detailContainer"
  >
    <h2>
      Name: 
      This does not matter
    </h2>
    <h2>
      Location: 
      some website
    </h2>
  </div>
</div>
`;
